Starting AI test...
Game logs will be written to: game_test.log
Turn-by-turn status will be shown below:
==========================================

WARNING: A terminally deprecated method in sun.misc.Unsafe has been called
WARNING: sun.misc.Unsafe::staticFieldBase has been called by com.google.inject.internal.aop.HiddenClassDefiner (file:/opt/homebrew/Cellar/maven/3.9.10/libexec/lib/guice-5.1.0-classes.jar)
WARNING: Please consider reporting this to the maintainers of class com.google.inject.internal.aop.HiddenClassDefiner
WARNING: sun.misc.Unsafe::staticFieldBase will be removed in a future release
Running single game...
  Config 1: baseline/v1.0
  Config 2: profiles/medium

Game starting...

Initializing game...
Starting game (turn limit: 200)
T  1|P1|Cities:1/1|Conts:1/1|Units:0(I0,A0,F0,B0,T0,D0,S0,C0,BB0,CV0)/0(I0,A0,F0,B0,T0,D0,S0,C0,BB0,CV0)|Exp:4%|Time:0ms
T  2|P2|Cities:1/1|Conts:1/1|Units:0(I0,A0,F0,B0,T0,D0,S0,C0,BB0,CV0)/0(I0,A0,F0,B0,T0,D0,S0,C0,BB0,CV0)|Exp:4%|Time:2ms
T  3|P1|Cities:1/1|Conts:1/1|Units:0(I0,A0,F0,B0,T0,D0,S0,C0,BB0,CV0)/0(I0,A0,F0,B0,T0,D0,S0,C0,BB0,CV0)|Exp:4%|Time:2ms
T  4|P2|Cities:1/1|Conts:1/1|Units:0(I0,A0,F0,B0,T0,D0,S0,C0,BB0,CV0)/0(I0,A0,F0,B0,T0,D0,S0,C0,BB0,CV0)|Exp:4%|Time:2ms
T  5|P1|Cities:1/1|Conts:1/1|Units:1(I1,A0,F0,B0,T0,D0,S0,C0,BB0,CV0)/1(I1,A0,F0,B0,T0,D0,S0,C0,BB0,CV0)|Exp:4%|Time:6ms
T  6|P2|Cities:1/1|Conts:1/1|Units:1(I1,A0,F0,B0,T0,D0,S0,C0,BB0,CV0)/1(I1,A0,F0,B0,T0,D0,S0,C0,BB0,CV0)|Exp:4%|Time:3ms
T  7|P1|Cities:1/1|Conts:1/1|Units:1(I1,A0,F0,B0,T0,D0,S0,C0,BB0,CV0)/1(I1,A0,F0,B0,T0,D0,S0,C0,BB0,CV0)|Exp:4%|Time:2ms
T  8|P2|Cities:1/1|Conts:1/1|Units:1(I1,A0,F0,B0,T0,D0,S0,C0,BB0,CV0)/1(I1,A0,F0,B0,T0,D0,S0,C0,BB0,CV0)|Exp:4%|Time:2ms
T  9|P1|Cities:1/1|Conts:1/1|Units:1(I1,A0,F0,B0,T0,D0,S0,C0,BB0,CV0)/1(I1,A0,F0,B0,T0,D0,S0,C0,BB0,CV0)|Exp:4%|Time:3ms
T 10|P2|Cities:1/1|Conts:1/1|Units:2(I2,A0,F0,B0,T0,D0,S0,C0,BB0,CV0)/2(I2,A0,F0,B0,T0,D0,S0,C0,BB0,CV0)|Exp:4%|Time:4ms
T 11|P1|Cities:1/1|Conts:1/1|Units:2(I2,A0,F0,B0,T0,D0,S0,C0,BB0,CV0)/2(I2,A0,F0,B0,T0,D0,S0,C0,BB0,CV0)|Exp:5%|Time:3ms
T 12|P2|Cities:1/1|Conts:1/1|Units:1(I1,A0,F0,B0,T0,D0,S0,C0,BB0,CV0)/2(I2,A0,F0,B0,T0,D0,S0,C0,BB0,CV0)|Exp:5%|Time:5ms
T 13|P1|Cities:1/1|Conts:1/1|Units:1(I1,A0,F0,B0,T0,D0,S0,C0,BB0,CV0)/2(I2,A0,F0,B0,T0,D0,S0,C0,BB0,CV0)|Exp:5%|Time:3ms
T 14|P2|Cities:1/1|Conts:1/1|Units:1(I1,A0,F0,B0,T0,D0,S0,C0,BB0,CV0)/2(I2,A0,F0,B0,T0,D0,S0,C0,BB0,CV0)|Exp:6%|Time:3ms
T 15|P1|Cities:1/1|Conts:1/1|Units:2(I2,A0,F0,B0,T0,D0,S0,C0,BB0,CV0)/3(I3,A0,F0,B0,T0,D0,S0,C0,BB0,CV0)|Exp:6%|Time:5ms
T 16|P2|Cities:1/1|Conts:1/1|Units:2(I2,A0,F0,B0,T0,D0,S0,C0,BB0,CV0)/3(I3,A0,F0,B0,T0,D0,S0,C0,BB0,CV0)|Exp:6%|Time:4ms
T 17|P1|Cities:1/1|Conts:1/1|Units:1(I1,A0,F0,B0,T0,D0,S0,C0,BB0,CV0)/3(I3,A0,F0,B0,T0,D0,S0,C0,BB0,CV0)|Exp:6%|Time:5ms
T 18|P2|Cities:1/2|Conts:1/1|Units:1(I1,A0,F0,B0,T0,D0,S0,C0,BB0,CV0)/2(I2,A0,F0,B0,T0,D0,S0,C0,BB0,CV0)|Exp:7%|Time:4ms
T 19|P1|Cities:1/2|Conts:1/1|Units:1(I1,A0,F0,B0,T0,D0,S0,C0,BB0,CV0)/2(I2,A0,F0,B0,T0,D0,S0,C0,BB0,CV0)|Exp:7%|Time:15ms
T 20|P2|Cities:1/2|Conts:1/1|Units:2(I2,A0,F0,B0,T0,D0,S0,C0,BB0,CV0)/3(I3,A0,F0,B0,T0,D0,S0,C0,BB0,CV0)|Exp:7%|Time:26ms
T 21|P1|Cities:1/2|Conts:1/1|Units:2(I2,A0,F0,B0,T0,D0,S0,C0,BB0,CV0)/3(I3,A0,F0,B0,T0,D0,S0,C0,BB0,CV0)|Exp:7%|Time:20ms
T 22|P2|Cities:1/2|Conts:1/1|Units:1(I1,A0,F0,B0,T0,D0,S0,C0,BB0,CV0)/3(I3,A0,F0,B0,T0,D0,S0,C0,BB0,CV0)|Exp:7%|Time:24ms
T 23|P1|Cities:1/2|Conts:1/1|Units:1(I1,A0,F0,B0,T0,D0,S0,C0,BB0,CV0)/4(I4,A0,F0,B0,T0,D0,S0,C0,BB0,CV0)|Exp:7%|Time:29ms
T 24|P2|Cities:1/2|Conts:1/1|Units:1(I1,A0,F0,B0,T0,D0,S0,C0,BB0,CV0)/4(I4,A0,F0,B0,T0,D0,S0,C0,BB0,CV0)|Exp:7%|Time:28ms
T 25|P1|Cities:2/2|Conts:1/1|Units:1(I1,A0,F0,B0,T0,D0,S0,C0,BB0,CV0)/5(I5,A0,F0,B0,T0,D0,S0,C0,BB0,CV0)|Exp:8%|Time:33ms
T 26|P2|Cities:2/2|Conts:1/1|Units:1(I1,A0,F0,B0,T0,D0,S0,C0,BB0,CV0)/5(I5,A0,F0,B0,T0,D0,S0,C0,BB0,CV0)|Exp:8%|Time:32ms
T 27|P1|Cities:2/2|Conts:1/1|Units:0(I0,A0,F0,B0,T0,D0,S0,C0,BB0,CV0)/5(I5,A0,F0,B0,T0,D0,S0,C0,BB0,CV0)|Exp:8%|Time:30ms
T 28|P2|Cities:2/2|Conts:1/1|Units:0(I0,A0,F0,B0,T0,D0,S0,C0,BB0,CV0)/6(I6,A0,F0,B0,T0,D0,S0,C0,BB0,CV0)|Exp:8%|Time:38ms
T 29|P1|Cities:2/2|Conts:1/1|Units:0(I0,A0,F0,B0,T0,D0,S0,C0,BB0,CV0)/6(I6,A0,F0,B0,T0,D0,S0,C0,BB0,CV0)|Exp:8%|Time:69ms
T 30|P2|Cities:2/2|Conts:1/1|Units:2(I2,A0,F0,B0,T0,D0,S0,C0,BB0,CV0)/7(I7,A0,F0,B0,T0,D0,S0,C0,BB0,CV0)|Exp:8%|Time:52ms
T 31|P1|Cities:2/2|Conts:1/1|Units:2(I2,A0,F0,B0,T0,D0,S0,C0,BB0,CV0)/7(I7,A0,F0,B0,T0,D0,S0,C0,BB0,CV0)|Exp:8%|Time:82ms
T 32|P2|Cities:2/2|Conts:1/1|Units:2(I2,A0,F0,B0,T0,D0,S0,C0,BB0,CV0)/7(I7,A0,F0,B0,T0,D0,S0,C0,BB0,CV0)|Exp:8%|Time:97ms
T 33|P1|Cities:2/2|Conts:1/1|Units:2(I2,A0,F0,B0,T0,D0,S0,C0,BB0,CV0)/7(I7,A0,F0,B0,T0,D0,S0,C0,BB0,CV0)|Exp:8%|Time:79ms
T 34|P2|Cities:2/2|Conts:1/1|Units:2(I2,A0,F0,B0,T0,D0,S0,C0,BB0,CV0)/7(I7,A0,F0,B0,T0,D0,S0,C0,BB0,CV0)|Exp:8%|Time:93ms
T 35|P1|Cities:2/2|Conts:1/1|Units:4(I4,A0,F0,B0,T0,D0,S0,C0,BB0,CV0)/7(I7,A0,F0,B0,T0,D0,S0,C0,BB0,CV0)|Exp:8%|Time:106ms
T 36|P2|Cities:3/2|Conts:1/1|Units:3(I3,A0,F0,B0,T0,D0,S0,C0,BB0,CV0)/7(I7,A0,F0,B0,T0,D0,S0,C0,BB0,CV0)|Exp:8%|Time:58ms
T 37|P1|Cities:4/2|Conts:1/1|Units:2(I2,A0,F0,B0,T0,D0,S0,C0,BB0,CV0)/7(I7,A0,F0,B0,T0,D0,S0,C0,BB0,CV0)|Exp:8%|Time:118ms
T 38|P2|Cities:4/2|Conts:1/1|Units:2(I2,A0,F0,B0,T0,D0,S0,C0,BB0,CV0)/7(I7,A0,F0,B0,T0,D0,S0,C0,BB0,CV0)|Exp:8%|Time:56ms
T 39|P1|Cities:4/2|Conts:1/1|Units:2(I2,A0,F0,B0,T0,D0,S0,C0,BB0,CV0)/7(I7,A0,F0,B0,T0,D0,S0,C0,BB0,CV0)|Exp:8%|Time:101ms
T 40|P2|Cities:4/2|Conts:1/1|Units:4(I4,A0,F0,B0,T0,D0,S0,C0,BB0,CV0)/7(I7,A0,F0,B0,T0,D0,S0,C0,BB0,CV0)|Exp:8%|Time:60ms
T 41|P1|Cities:4/2|Conts:1/1|Units:4(I4,A0,F0,B0,T0,D0,S0,C0,BB0,CV0)/7(I7,A0,F0,B0,T0,D0,S0,C0,BB0,CV0)|Exp:8%|Time:102ms
T 42|P2|Cities:4/2|Conts:1/1|Units:5(I5,A0,F0,B0,T0,D0,S0,C0,BB0,CV0)/7(I7,A0,F0,B0,T0,D0,S0,C0,BB0,CV0)|Exp:8%|Time:55ms
T 43|P1|Cities:4/2|Conts:1/1|Units:4(I4,A0,F0,B0,T0,D0,S0,C0,BB0,CV0)/7(I7,A0,F0,B0,T0,D0,S0,C0,BB0,CV0)|Exp:8%|Time:109ms
T 44|P2|Cities:5/2|Conts:1/1|Units:3(I3,A0,F0,B0,T0,D0,S0,C0,BB0,CV0)/7(I7,A0,F0,B0,T0,D0,S0,C0,BB0,CV0)|Exp:9%|Time:78ms
T 45|P1|Cities:5/2|Conts:1/1|Units:4(I4,A0,F0,B0,T0,D0,S0,C0,BB0,CV0)/7(I7,A0,F0,B0,T0,D0,S0,C0,BB0,CV0)|Exp:9%|Time:120ms
T 46|P2|Cities:5/2|Conts:1/1|Units:4(I4,A0,F0,B0,T0,D0,S0,C0,BB0,CV0)/7(I7,A0,F0,B0,T0,D0,S0,C0,BB0,CV0)|Exp:9%|Time:120ms
T 47|P1|Cities:5/2|Conts:1/1|Units:5(I5,A0,F0,B0,T0,D0,S0,C0,BB0,CV0)/7(I7,A0,F0,B0,T0,D0,S0,C0,BB0,CV0)|Exp:9%|Time:129ms
T 48|P2|Cities:5/2|Conts:1/1|Units:5(I5,A0,F0,B0,T0,D0,S0,C0,BB0,CV0)/7(I7,A0,F0,B0,T0,D0,S0,C0,BB0,CV0)|Exp:9%|Time:143ms
T 49|P1|Cities:5/2|Conts:1/1|Units:5(I5,A0,F0,B0,T0,D0,S0,C0,BB0,CV0)/7(I7,A0,F0,B0,T0,D0,S0,C0,BB0,CV0)|Exp:9%|Time:129ms
T 50|P2|Cities:5/2|Conts:1/1|Units:5(I5,A0,F0,B0,T0,D0,S0,C0,BB0,CV0)/7(I7,A0,F0,B0,T0,D0,S0,C0,BB0,CV0)|Exp:9%|Time:174ms
T 51|P1|Cities:5/2|Conts:1/1|Units:6(I5,A0,F0,B1,T0,D0,S0,C0,BB0,CV0)/7(I7,A0,F0,B0,T0,D0,S0,C0,BB0,CV0)|Exp:9%|Time:156ms
T 52|P2|Cities:5/2|Conts:1/1|Units:7(I6,A0,F0,B1,T0,D0,S0,C0,BB0,CV0)/7(I7,A0,F0,B0,T0,D0,S0,C0,BB0,CV0)|Exp:11%|Time:231ms
T 53|P1|Cities:5/2|Conts:1/1|Units:7(I6,A0,F0,B1,T0,D0,S0,C0,BB0,CV0)/7(I7,A0,F0,B0,T0,D0,S0,C0,BB0,CV0)|Exp:11%|Time:155ms
T 54|P2|Cities:5/2|Conts:1/1|Units:8(I6,A0,F1,B1,T0,D0,S0,C0,BB0,CV0)/7(I7,A0,F0,B0,T0,D0,S0,C0,BB0,CV0)|Exp:13%|Time:201ms
T 55|P1|Cities:5/2|Conts:1/1|Units:8(I6,A0,F1,B1,T0,D0,S0,C0,BB0,CV0)/7(I7,A0,F0,B0,T0,D0,S0,C0,BB0,CV0)|Exp:15%|Time:175ms
T 56|P2|Cities:5/2|Conts:1/1|Units:9(I7,A0,F1,B1,T0,D0,S0,C0,BB0,CV0)/7(I7,A0,F0,B0,T0,D0,S0,C0,BB0,CV0)|Exp:15%|Time:224ms
T 57|P1|Cities:5/2|Conts:1/1|Units:9(I7,A0,F1,B1,T0,D0,S0,C0,BB0,CV0)/7(I7,A0,F0,B0,T0,D0,S0,C0,BB0,CV0)|Exp:15%|Time:148ms
T 58|P2|Cities:5/2|Conts:1/1|Units:9(I7,A0,F1,B1,T0,D0,S0,C0,BB0,CV0)/8(I7,A0,F0,B0,T1,D0,S0,C0,BB0,CV0)|Exp:17%|Time:194ms
T 59|P1|Cities:5/2|Conts:1/1|Units:10(I8,A0,F1,B1,T0,D0,S0,C0,BB0,CV0)/8(I7,A0,F0,B0,T1,D0,S0,C0,BB0,CV0)|Exp:19%|Time:188ms
T 60|P2|Cities:5/2|Conts:1/1|Units:10(I8,A0,F1,B1,T0,D0,S0,C0,BB0,CV0)/9(I7,A0,F0,B0,T2,D0,S0,C0,BB0,CV0)|Exp:21%|Time:130ms
T 61|P1|Cities:5/2|Conts:1/1|Units:11(I9,A0,F1,B1,T0,D0,S0,C0,BB0,CV0)/9(I7,A0,F0,B0,T2,D0,S0,C0,BB0,CV0)|Exp:22%|Time:146ms
T 62|P2|Cities:5/2|Conts:1/1|Units:11(I9,A0,F1,B1,T0,D0,S0,C0,BB0,CV0)/9(I7,A0,F0,B0,T2,D0,S0,C0,BB0,CV0)|Exp:22%|Time:119ms
T 63|P1|Cities:5/2|Conts:1/1|Units:11(I9,A0,F1,B1,T0,D0,S0,C0,BB0,CV0)/9(I7,A0,F0,B0,T2,D0,S0,C0,BB0,CV0)|Exp:24%|Time:182ms
T 64|P2|Cities:5/2|Conts:1/1|Units:11(I10,A0,F1,B0,T0,D0,S0,C0,BB0,CV0)/9(I7,A0,F0,B0,T2,D0,S0,C0,BB0,CV0)|Exp:25%|Time:170ms
T 65|P1|Cities:5/2|Conts:1/1|Units:10(I10,A0,F0,B0,T0,D0,S0,C0,BB0,CV0)/9(I7,A0,F0,B0,T2,D0,S0,C0,BB0,CV0)|Exp:25%|Time:143ms
T 66|P2|Cities:5/2|Conts:1/1|Units:11(I11,A0,F0,B0,T0,D0,S0,C0,BB0,CV0)/9(I7,A0,F0,B0,T2,D0,S0,C0,BB0,CV0)|Exp:25%|Time:183ms
T 67|P1|Cities:5/2|Conts:1/1|Units:11(I11,A0,F0,B0,T0,D0,S0,C0,BB0,CV0)/9(I7,A0,F0,B0,T2,D0,S0,C0,BB0,CV0)|Exp:25%|Time:132ms
T 68|P2|Cities:5/2|Conts:1/1|Units:11(I11,A0,F0,B0,T0,D0,S0,C0,BB0,CV0)/9(I7,A0,F0,B0,T2,D0,S0,C0,BB0,CV0)|Exp:26%|Time:201ms
T 69|P1|Cities:5/2|Conts:1/1|Units:12(I12,A0,F0,B0,T0,D0,S0,C0,BB0,CV0)/9(I7,A0,F0,B0,T2,D0,S0,C0,BB0,CV0)|Exp:26%|Time:172ms
T 70|P2|Cities:5/2|Conts:1/1|Units:13(I12,A0,F0,B0,T1,D0,S0,C0,BB0,CV0)/9(I7,A0,F0,B0,T2,D0,S0,C0,BB0,CV0)|Exp:27%|Time:171ms
T 71|P1|Cities:5/2|Conts:1/1|Units:14(I13,A0,F0,B0,T1,D0,S0,C0,BB0,CV0)/9(I7,A0,F0,B0,T2,D0,S0,C0,BB0,CV0)|Exp:27%|Time:126ms
T 72|P2|Cities:5/2|Conts:1/1|Units:14(I13,A0,F0,B0,T1,D0,S0,C0,BB0,CV0)/9(I7,A0,F0,B0,T2,D0,S0,C0,BB0,CV0)|Exp:27%|Time:187ms
T 73|P1|Cities:5/2|Conts:1/1|Units:14(I13,A0,F0,B0,T1,D0,S0,C0,BB0,CV0)/9(I7,A0,F0,B0,T2,D0,S0,C0,BB0,CV0)|Exp:27%|Time:170ms
T 74|P2|Cities:5/2|Conts:1/1|Units:15(I14,A0,F0,B0,T1,D0,S0,C0,BB0,CV0)/9(I7,A0,F0,B0,T2,D0,S0,C0,BB0,CV0)|Exp:27%|Time:226ms
T 75|P1|Cities:5/2|Conts:1/1|Units:16(I14,A0,F0,B0,T2,D0,S0,C0,BB0,CV0)/9(I7,A0,F0,B0,T2,D0,S0,C0,BB0,CV0)|Exp:27%|Time:118ms
T 76|P2|Cities:5/2|Conts:1/1|Units:17(I15,A0,F0,B0,T2,D0,S0,C0,BB0,CV0)/9(I7,A0,F0,B0,T2,D0,S0,C0,BB0,CV0)|Exp:27%|Time:128ms
T 77|P1|Cities:5/2|Conts:1/1|Units:17(I15,A0,F0,B0,T2,D0,S0,C0,BB0,CV0)/9(I7,A0,F0,B0,T2,D0,S0,C0,BB0,CV0)|Exp:27%|Time:95ms
T 78|P2|Cities:5/2|Conts:1/1|Units:17(I15,A0,F0,B0,T2,D0,S0,C0,BB0,CV0)/10(I7,A0,F0,B0,T2,D1,S0,C0,BB0,CV0)|Exp:27%|Time:129ms
T 79|P1|Cities:5/2|Conts:1/1|Units:18(I16,A0,F0,B0,T2,D0,S0,C0,BB0,CV0)/10(I7,A0,F0,B0,T2,D1,S0,C0,BB0,CV0)|Exp:27%|Time:62ms
T 80|P2|Cities:5/2|Conts:1/1|Units:18(I16,A0,F0,B0,T2,D0,S0,C0,BB0,CV0)/11(I7,A0,F0,B0,T2,D2,S0,C0,BB0,CV0)|Exp:28%|Time:94ms
T 81|P1|Cities:5/2|Conts:1/1|Units:19(I17,A0,F0,B0,T2,D0,S0,C0,BB0,CV0)/11(I7,A0,F0,B0,T2,D2,S0,C0,BB0,CV0)|Exp:28%|Time:65ms
T 82|P2|Cities:5/2|Conts:1/1|Units:20(I17,A0,F0,B0,T3,D0,S0,C0,BB0,CV0)/11(I7,A0,F0,B0,T2,D2,S0,C0,BB0,CV0)|Exp:29%|Time:80ms
T 83|P1|Cities:5/2|Conts:1/1|Units:20(I17,A0,F0,B0,T3,D0,S0,C0,BB0,CV0)/11(I7,A0,F0,B0,T2,D2,S0,C0,BB0,CV0)|Exp:30%|Time:81ms
T 84|P2|Cities:5/2|Conts:1/1|Units:21(I18,A0,F0,B0,T3,D0,S0,C0,BB0,CV0)/11(I7,A0,F0,B0,T2,D2,S0,C0,BB0,CV0)|Exp:30%|Time:68ms
T 85|P1|Cities:5/2|Conts:1/1|Units:21(I18,A0,F0,B0,T3,D0,S0,C0,BB0,CV0)/11(I7,A0,F0,B0,T2,D2,S0,C0,BB0,CV0)|Exp:31%|Time:53ms
T 86|P2|Cities:5/2|Conts:1/1|Units:22(I19,A0,F0,B0,T3,D0,S0,C0,BB0,CV0)/11(I7,A0,F0,B0,T2,D2,S0,C0,BB0,CV0)|Exp:31%|Time:55ms
T 87|P1|Cities:5/2|Conts:1/1|Units:22(I19,A0,F0,B0,T3,D0,S0,C0,BB0,CV0)/11(I7,A0,F0,B0,T2,D2,S0,C0,BB0,CV0)|Exp:31%|Time:51ms
T 88|P2|Cities:5/2|Conts:1/1|Units:22(I19,A0,F0,B0,T3,D0,S0,C0,BB0,CV0)/11(I7,A0,F0,B0,T2,D2,S0,C0,BB0,CV0)|Exp:31%|Time:76ms
T 89|P1|Cities:5/2|Conts:1/1|Units:23(I20,A0,F0,B0,T3,D0,S0,C0,BB0,CV0)/11(I7,A0,F0,B0,T2,D2,S0,C0,BB0,CV0)|Exp:32%|Time:131ms
T 90|P2|Cities:5/2|Conts:1/1|Units:23(I20,A0,F0,B0,T3,D0,S0,C0,BB0,CV0)/11(I7,A0,F0,B0,T2,D2,S0,C0,BB0,CV0)|Exp:32%|Time:51ms
T 91|P1|Cities:5/2|Conts:1/1|Units:24(I21,A0,F0,B0,T3,D0,S0,C0,BB0,CV0)/11(I7,A0,F0,B0,T2,D2,S0,C0,BB0,CV0)|Exp:33%|Time:56ms
T 92|P2|Cities:5/2|Conts:1/1|Units:24(I21,A0,F0,B0,T3,D0,S0,C0,BB0,CV0)/11(I7,A0,F0,B0,T2,D2,S0,C0,BB0,CV0)|Exp:33%|Time:80ms
T 93|P1|Cities:5/2|Conts:1/1|Units:24(I21,A0,F0,B0,T3,D0,S0,C0,BB0,CV0)/11(I7,A0,F0,B0,T2,D2,S0,C0,BB0,CV0)|Exp:34%|Time:107ms
T 94|P2|Cities:5/2|Conts:1/1|Units:25(I22,A0,F0,B0,T3,D0,S0,C0,BB0,CV0)/11(I7,A0,F0,B0,T2,D2,S0,C0,BB0,CV0)|Exp:34%|Time:95ms
T 95|P1|Cities:5/2|Conts:1/1|Units:25(I22,A0,F0,B0,T3,D0,S0,C0,BB0,CV0)/11(I7,A0,F0,B0,T2,D2,S0,C0,BB0,CV0)|Exp:34%|Time:111ms
T 96|P2|Cities:5/2|Conts:1/1|Units:26(I23,A0,F0,B0,T3,D0,S0,C0,BB0,CV0)/11(I7,A0,F0,B0,T2,D2,S0,C0,BB0,CV0)|Exp:34%|Time:95ms
T 97|P1|Cities:5/2|Conts:1/1|Units:26(I23,A0,F0,B0,T3,D0,S0,C0,BB0,CV0)/11(I7,A0,F0,B0,T2,D2,S0,C0,BB0,CV0)|Exp:34%|Time:86ms
T 98|P2|Cities:5/2|Conts:1/1|Units:26(I23,A0,F0,B0,T3,D0,S0,C0,BB0,CV0)/11(I7,A0,F0,B0,T2,D2,S0,C0,BB0,CV0)|Exp:34%|Time:95ms
T 99|P1|Cities:5/2|Conts:1/1|Units:27(I24,A0,F0,B0,T3,D0,S0,C0,BB0,CV0)/11(I7,A0,F0,B0,T2,D2,S0,C0,BB0,CV0)|Exp:34%|Time:111ms
T100|P2|Cities:5/2|Conts:1/1|Units:28(I24,A0,F0,B0,T4,D0,S0,C0,BB0,CV0)/11(I7,A0,F0,B0,T2,D2,S0,C0,BB0,CV0)|Exp:34%|Time:98ms
T101|P1|Cities:5/2|Conts:1/1|Units:29(I25,A0,F0,B0,T4,D0,S0,C0,BB0,CV0)/11(I7,A0,F0,B0,T2,D2,S0,C0,BB0,CV0)|Exp:35%|Time:93ms
T102|P2|Cities:5/2|Conts:1/1|Units:30(I25,A0,F0,B0,T4,D1,S0,C0,BB0,CV0)/11(I7,A0,F0,B0,T2,D2,S0,C0,BB0,CV0)|Exp:35%|Time:68ms
T103|P1|Cities:5/2|Conts:1/1|Units:30(I25,A0,F0,B0,T4,D1,S0,C0,BB0,CV0)/11(I7,A0,F0,B0,T2,D2,S0,C0,BB0,CV0)|Exp:35%|Time:101ms
T104|P2|Cities:5/2|Conts:1/1|Units:31(I26,A0,F0,B0,T4,D1,S0,C0,BB0,CV0)/11(I7,A0,F0,B0,T2,D2,S0,C0,BB0,CV0)|Exp:35%|Time:79ms
T105|P1|Cities:5/2|Conts:1/1|Units:32(I26,A0,F0,B0,T5,D1,S0,C0,BB0,CV0)/11(I7,A0,F0,B0,T2,D2,S0,C0,BB0,CV0)|Exp:35%|Time:63ms
T106|P2|Cities:5/2|Conts:1/1|Units:33(I27,A0,F0,B0,T5,D1,S0,C0,BB0,CV0)/11(I7,A0,F0,B0,T2,D2,S0,C0,BB0,CV0)|Exp:35%|Time:44ms
T107|P1|Cities:5/2|Conts:1/1|Units:33(I27,A0,F0,B0,T5,D1,S0,C0,BB0,CV0)/11(I7,A0,F0,B0,T2,D2,S0,C0,BB0,CV0)|Exp:35%|Time:35ms
T108|P2|Cities:5/2|Conts:1/1|Units:33(I27,A0,F0,B0,T5,D1,S0,C0,BB0,CV0)/12(I7,A0,F0,B0,T2,D2,S1,C0,BB0,CV0)|Exp:35%|Time:71ms
T109|P1|Cities:5/2|Conts:1/1|Units:34(I28,A0,F0,B0,T5,D1,S0,C0,BB0,CV0)/12(I7,A0,F0,B0,T2,D2,S1,C0,BB0,CV0)|Exp:35%|Time:52ms
T110|P2|Cities:5/2|Conts:1/1|Units:34(I28,A0,F0,B0,T5,D1,S0,C0,BB0,CV0)/13(I7,A0,F0,B0,T2,D2,S2,C0,BB0,CV0)|Exp:35%|Time:87ms
T111|P1|Cities:5/2|Conts:1/1|Units:35(I29,A0,F0,B0,T5,D1,S0,C0,BB0,CV0)/13(I7,A0,F0,B0,T2,D2,S2,C0,BB0,CV0)|Exp:35%|Time:92ms
T112|P2|Cities:5/2|Conts:1/1|Units:35(I29,A0,F0,B0,T5,D1,S0,C0,BB0,CV0)/13(I7,A0,F0,B0,T2,D2,S2,C0,BB0,CV0)|Exp:35%|Time:45ms
T113|P1|Cities:5/2|Conts:1/1|Units:35(I29,A0,F0,B0,T5,D1,S0,C0,BB0,CV0)/13(I7,A0,F0,B0,T2,D2,S2,C0,BB0,CV0)|Exp:35%|Time:97ms
T114|P2|Cities:5/2|Conts:1/1|Units:36(I30,A0,F0,B0,T5,D1,S0,C0,BB0,CV0)/13(I7,A0,F0,B0,T2,D2,S2,C0,BB0,CV0)|Exp:35%|Time:48ms
T115|P1|Cities:5/2|Conts:1/1|Units:36(I30,A0,F0,B0,T5,D1,S0,C0,BB0,CV0)/13(I7,A0,F0,B0,T2,D2,S2,C0,BB0,CV0)|Exp:35%|Time:105ms
T116|P2|Cities:5/2|Conts:1/1|Units:37(I31,A0,F0,B0,T5,D1,S0,C0,BB0,CV0)/13(I7,A0,F0,B0,T2,D2,S2,C0,BB0,CV0)|Exp:35%|Time:84ms
T117|P1|Cities:5/2|Conts:1/1|Units:37(I31,A0,F0,B0,T5,D1,S0,C0,BB0,CV0)/13(I7,A0,F0,B0,T2,D2,S2,C0,BB0,CV0)|Exp:35%|Time:87ms
T118|P2|Cities:5/2|Conts:1/1|Units:37(I31,A0,F0,B0,T5,D1,S0,C0,BB0,CV0)/13(I7,A0,F0,B0,T2,D2,S2,C0,BB0,CV0)|Exp:36%|Time:75ms
T119|P1|Cities:5/2|Conts:1/1|Units:38(I32,A0,F0,B0,T5,D1,S0,C0,BB0,CV0)/13(I7,A0,F0,B0,T2,D2,S2,C0,BB0,CV0)|Exp:36%|Time:113ms
T120|P2|Cities:5/2|Conts:1/1|Units:38(I32,A0,F0,B0,T5,D1,S0,C0,BB0,CV0)/13(I7,A0,F0,B0,T2,D2,S2,C0,BB0,CV0)|Exp:36%|Time:82ms
T121|P1|Cities:5/2|Conts:1/1|Units:39(I33,A0,F0,B0,T5,D1,S0,C0,BB0,CV0)/13(I7,A0,F0,B0,T2,D2,S2,C0,BB0,CV0)|Exp:36%|Time:111ms
T122|P2|Cities:5/2|Conts:1/1|Units:39(I33,A0,F0,B0,T5,D1,S0,C0,BB0,CV0)/13(I7,A0,F0,B0,T2,D2,S2,C0,BB0,CV0)|Exp:36%|Time:88ms
T123|P1|Cities:5/2|Conts:1/1|Units:39(I33,A0,F0,B0,T5,D1,S0,C0,BB0,CV0)/13(I7,A0,F0,B0,T2,D2,S2,C0,BB0,CV0)|Exp:36%|Time:137ms
T124|P2|Cities:5/2|Conts:1/1|Units:40(I34,A0,F0,B0,T5,D1,S0,C0,BB0,CV0)/13(I7,A0,F0,B0,T2,D2,S2,C0,BB0,CV0)|Exp:37%|Time:104ms
T125|P1|Cities:5/2|Conts:1/1|Units:40(I34,A0,F0,B0,T5,D1,S0,C0,BB0,CV0)/13(I7,A0,F0,B0,T2,D2,S2,C0,BB0,CV0)|Exp:37%|Time:111ms
T126|P2|Cities:5/2|Conts:1/1|Units:41(I35,A0,F0,B0,T5,D1,S0,C0,BB0,CV0)/13(I7,A0,F0,B0,T2,D2,S2,C0,BB0,CV0)|Exp:37%|Time:109ms
T127|P1|Cities:5/2|Conts:1/1|Units:41(I35,A0,F0,B0,T5,D1,S0,C0,BB0,CV0)/13(I7,A0,F0,B0,T2,D2,S2,C0,BB0,CV0)|Exp:37%|Time:130ms
T128|P2|Cities:5/2|Conts:1/1|Units:41(I35,A0,F0,B0,T5,D1,S0,C0,BB0,CV0)/13(I7,A0,F0,B0,T2,D2,S2,C0,BB0,CV0)|Exp:37%|Time:166ms
T129|P1|Cities:5/2|Conts:1/1|Units:42(I36,A0,F0,B0,T5,D1,S0,C0,BB0,CV0)/13(I7,A0,F0,B0,T2,D2,S2,C0,BB0,CV0)|Exp:38%|Time:174ms
T130|P2|Cities:5/2|Conts:1/1|Units:43(I36,A0,F0,B0,T6,D1,S0,C0,BB0,CV0)/13(I7,A0,F0,B0,T2,D2,S2,C0,BB0,CV0)|Exp:38%|Time:126ms
T131|P1|Cities:5/2|Conts:1/1|Units:44(I37,A0,F0,B0,T6,D1,S0,C0,BB0,CV0)/13(I7,A0,F0,B0,T2,D2,S2,C0,BB0,CV0)|Exp:38%|Time:160ms
T132|P2|Cities:5/2|Conts:1/1|Units:45(I37,A0,F0,B0,T6,D1,S1,C0,BB0,CV0)/13(I7,A0,F0,B0,T2,D2,S2,C0,BB0,CV0)|Exp:38%|Time:123ms
T133|P1|Cities:5/2|Conts:1/1|Units:45(I37,A0,F0,B0,T6,D1,S1,C0,BB0,CV0)/13(I7,A0,F0,B0,T2,D2,S2,C0,BB0,CV0)|Exp:38%|Time:158ms
T134|P2|Cities:5/2|Conts:1/1|Units:46(I38,A0,F0,B0,T6,D1,S1,C0,BB0,CV0)/13(I7,A0,F0,B0,T2,D2,S2,C0,BB0,CV0)|Exp:38%|Time:119ms
T135|P1|Cities:5/2|Conts:1/1|Units:47(I38,A0,F0,B0,T7,D1,S1,C0,BB0,CV0)/13(I7,A0,F0,B0,T2,D2,S2,C0,BB0,CV0)|Exp:39%|Time:92ms
T136|P2|Cities:5/2|Conts:1/1|Units:48(I39,A0,F0,B0,T7,D1,S1,C0,BB0,CV0)/13(I7,A0,F0,B0,T2,D2,S2,C0,BB0,CV0)|Exp:39%|Time:80ms
T137|P1|Cities:5/2|Conts:1/1|Units:48(I39,A0,F0,B0,T7,D1,S1,C0,BB0,CV0)/13(I7,A0,F0,B0,T2,D2,S2,C0,BB0,CV0)|Exp:39%|Time:110ms
T138|P2|Cities:5/2|Conts:1/1|Units:48(I39,A0,F0,B0,T7,D1,S1,C0,BB0,CV0)/13(I7,A0,F0,B0,T2,D2,S2,C0,BB0,CV0)|Exp:39%|Time:124ms
T139|P1|Cities:5/2|Conts:1/1|Units:49(I40,A0,F0,B0,T7,D1,S1,C0,BB0,CV0)/13(I7,A0,F0,B0,T2,D2,S2,C0,BB0,CV0)|Exp:39%|Time:83ms
T140|P2|Cities:5/2|Conts:1/1|Units:49(I40,A0,F0,B0,T7,D1,S1,C0,BB0,CV0)/13(I7,A0,F0,B0,T2,D2,S2,C0,BB0,CV0)|Exp:40%|Time:104ms
T141|P1|Cities:5/2|Conts:1/1|Units:50(I41,A0,F0,B0,T7,D1,S1,C0,BB0,CV0)/13(I7,A0,F0,B0,T2,D2,S2,C0,BB0,CV0)|Exp:40%|Time:59ms
T142|P2|Cities:5/2|Conts:1/1|Units:50(I41,A0,F0,B0,T7,D1,S1,C0,BB0,CV0)/13(I7,A0,F0,B0,T2,D2,S2,C0,BB0,CV0)|Exp:41%|Time:74ms
T143|P1|Cities:5/2|Conts:1/1|Units:50(I41,A0,F0,B0,T7,D1,S1,C0,BB0,CV0)/13(I7,A0,F0,B0,T2,D2,S2,C0,BB0,CV0)|Exp:41%|Time:102ms
T144|P2|Cities:5/2|Conts:1/1|Units:51(I42,A0,F0,B0,T7,D1,S1,C0,BB0,CV0)/13(I7,A0,F0,B0,T2,D2,S2,C0,BB0,CV0)|Exp:41%|Time:116ms
T145|P1|Cities:5/2|Conts:1/1|Units:51(I42,A0,F0,B0,T7,D1,S1,C0,BB0,CV0)/13(I7,A0,F0,B0,T2,D2,S2,C0,BB0,CV0)|Exp:41%|Time:125ms
T146|P2|Cities:5/2|Conts:1/1|Units:52(I43,A0,F0,B0,T7,D1,S1,C0,BB0,CV0)/13(I7,A0,F0,B0,T2,D2,S2,C0,BB0,CV0)|Exp:41%|Time:84ms
T147|P1|Cities:5/2|Conts:1/1|Units:52(I43,A0,F0,B0,T7,D1,S1,C0,BB0,CV0)/13(I7,A0,F0,B0,T2,D2,S2,C0,BB0,CV0)|Exp:41%|Time:126ms
T148|P2|Cities:5/2|Conts:1/1|Units:52(I43,A0,F0,B0,T7,D1,S1,C0,BB0,CV0)/14(I7,A0,F0,B0,T2,D2,S2,C1,BB0,CV0)|Exp:41%|Time:129ms
T149|P1|Cities:5/2|Conts:1/1|Units:53(I44,A0,F0,B0,T7,D1,S1,C0,BB0,CV0)/14(I7,A0,F0,B0,T2,D2,S2,C1,BB0,CV0)|Exp:41%|Time:145ms
T150|P2|Cities:5/2|Conts:1/1|Units:53(I44,A0,F0,B0,T7,D1,S1,C0,BB0,CV0)/15(I7,A0,F0,B0,T2,D2,S2,C2,BB0,CV0)|Exp:41%|Time:182ms
T151|P1|Cities:5/2|Conts:1/1|Units:54(I45,A0,F0,B0,T7,D1,S1,C0,BB0,CV0)/15(I7,A0,F0,B0,T2,D2,S2,C2,BB0,CV0)|Exp:41%|Time:160ms
T152|P2|Cities:5/2|Conts:1/1|Units:54(I45,A0,F0,B0,T7,D1,S1,C0,BB0,CV0)/15(I7,A0,F0,B0,T2,D2,S2,C2,BB0,CV0)|Exp:41%|Time:189ms
T153|P1|Cities:5/2|Conts:1/1|Units:54(I45,A0,F0,B0,T7,D1,S1,C0,BB0,CV0)/15(I7,A0,F0,B0,T2,D2,S2,C2,BB0,CV0)|Exp:41%|Time:149ms
T154|P2|Cities:5/2|Conts:1/1|Units:55(I46,A0,F0,B0,T7,D1,S1,C0,BB0,CV0)/15(I7,A0,F0,B0,T2,D2,S2,C2,BB0,CV0)|Exp:41%|Time:166ms
T155|P1|Cities:5/2|Conts:1/1|Units:55(I46,A0,F0,B0,T7,D1,S1,C0,BB0,CV0)/15(I7,A0,F0,B0,T2,D2,S2,C2,BB0,CV0)|Exp:43%|Time:171ms
T156|P2|Cities:5/2|Conts:1/1|Units:56(I47,A0,F0,B0,T7,D1,S1,C0,BB0,CV0)/15(I7,A0,F0,B0,T2,D2,S2,C2,BB0,CV0)|Exp:43%|Time:181ms
T157|P1|Cities:5/2|Conts:1/1|Units:56(I47,A0,F0,B0,T7,D1,S1,C0,BB0,CV0)/15(I7,A0,F0,B0,T2,D2,S2,C2,BB0,CV0)|Exp:43%|Time:164ms
T158|P2|Cities:5/2|Conts:1/1|Units:55(I47,A0,F0,B0,T7,D0,S1,C0,BB0,CV0)/15(I7,A0,F0,B0,T2,D2,S2,C2,BB0,CV0)|Exp:43%|Time:193ms
T159|P1|Cities:5/2|Conts:1/1|Units:56(I48,A0,F0,B0,T7,D0,S1,C0,BB0,CV0)/15(I7,A0,F0,B0,T2,D2,S2,C2,BB0,CV0)|Exp:44%|Time:161ms
T160|P2|Cities:5/2|Conts:1/1|Units:57(I48,A0,F0,B0,T8,D0,S1,C0,BB0,CV0)/15(I7,A0,F0,B0,T2,D2,S2,C2,BB0,CV0)|Exp:44%|Time:186ms
T161|P1|Cities:5/2|Conts:1/1|Units:51(I43,A0,F0,B0,T7,D0,S1,C0,BB0,CV0)/15(I7,A0,F0,B0,T2,D2,S2,C2,BB0,CV0)|Exp:44%|Time:167ms
T162|P2|Cities:5/2|Conts:1/1|Units:51(I43,A0,F0,B0,T7,D0,S1,C0,BB0,CV0)/15(I7,A0,F0,B0,T2,D2,S2,C2,BB0,CV0)|Exp:45%|Time:183ms
T163|P1|Cities:5/2|Conts:1/1|Units:51(I43,A0,F0,B0,T7,D0,S1,C0,BB0,CV0)/15(I7,A0,F0,B0,T2,D2,S2,C2,BB0,CV0)|Exp:46%|Time:190ms
T164|P2|Cities:5/2|Conts:1/1|Units:52(I44,A0,F0,B0,T7,D0,S1,C0,BB0,CV0)/15(I7,A0,F0,B0,T2,D2,S2,C2,BB0,CV0)|Exp:47%|Time:248ms
T165|P1|Cities:5/2|Conts:1/1|Units:53(I44,A0,F0,B0,T8,D0,S1,C0,BB0,CV0)/15(I7,A0,F0,B0,T2,D2,S2,C2,BB0,CV0)|Exp:48%|Time:98ms
T166|P2|Cities:5/2|Conts:1/1|Units:54(I45,A0,F0,B0,T8,D0,S1,C0,BB0,CV0)/15(I7,A0,F0,B0,T2,D2,S2,C2,BB0,CV0)|Exp:48%|Time:187ms
T167|P1|Cities:5/2|Conts:1/1|Units:54(I45,A0,F0,B0,T8,D0,S1,C0,BB0,CV0)/15(I7,A0,F0,B0,T2,D2,S2,C2,BB0,CV0)|Exp:50%|Time:94ms
T168|P2|Cities:5/2|Conts:1/1|Units:54(I45,A0,F0,B0,T8,D0,S1,C0,BB0,CV0)/15(I7,A0,F0,B0,T2,D2,S2,C2,BB0,CV0)|Exp:51%|Time:144ms
T169|P1|Cities:5/2|Conts:1/1|Units:48(I40,A0,F0,B0,T7,D0,S1,C0,BB0,CV0)/15(I7,A0,F0,B0,T2,D2,S2,C2,BB0,CV0)|Exp:51%|Time:109ms
T170|P2|Cities:5/2|Conts:1/1|Units:48(I40,A0,F0,B0,T7,D0,S1,C0,BB0,CV0)/15(I7,A0,F0,B0,T2,D2,S2,C2,BB0,CV0)|Exp:52%|Time:144ms
T171|P1|Cities:5/2|Conts:1/1|Units:44(I37,A0,F0,B0,T6,D0,S1,C0,BB0,CV0)/15(I7,A0,F0,B0,T2,D2,S2,C2,BB0,CV0)|Exp:52%|Time:115ms
T172|P2|Cities:5/2|Conts:1/1|Units:45(I37,A0,F0,B0,T6,D0,S1,C1,BB0,CV0)/15(I7,A0,F0,B0,T2,D2,S2,C2,BB0,CV0)|Exp:52%|Time:148ms
T173|P1|Cities:5/2|Conts:1/1|Units:45(I37,A0,F0,B0,T6,D0,S1,C1,BB0,CV0)/15(I7,A0,F0,B0,T2,D2,S2,C2,BB0,CV0)|Exp:52%|Time:127ms
T174|P2|Cities:5/2|Conts:1/1|Units:46(I38,A0,F0,B0,T6,D0,S1,C1,BB0,CV0)/15(I7,A0,F0,B0,T2,D2,S2,C2,BB0,CV0)|Exp:53%|Time:125ms
T175|P1|Cities:5/2|Conts:1/1|Units:46(I38,A0,F0,B0,T6,D0,S1,C1,BB0,CV0)/15(I7,A0,F0,B0,T2,D2,S2,C2,BB0,CV0)|Exp:53%|Time:134ms
T176|P2|Cities:5/2|Conts:1/1|Units:47(I39,A0,F0,B0,T6,D0,S1,C1,BB0,CV0)/15(I7,A0,F0,B0,T2,D2,S2,C2,BB0,CV0)|Exp:53%|Time:136ms
T177|P1|Cities:5/2|Conts:1/1|Units:41(I34,A0,F0,B0,T5,D0,S1,C1,BB0,CV0)/15(I7,A0,F0,B0,T2,D2,S2,C2,BB0,CV0)|Exp:53%|Time:104ms
T178|P2|Cities:5/2|Conts:1/1|Units:41(I34,A0,F0,B0,T5,D0,S1,C1,BB0,CV0)/15(I7,A0,F0,B0,T2,D2,S2,C2,BB0,CV0)|Exp:54%|Time:153ms
T179|P1|Cities:5/2|Conts:1/1|Units:42(I35,A0,F0,B0,T5,D0,S1,C1,BB0,CV0)/15(I7,A0,F0,B0,T2,D2,S2,C2,BB0,CV0)|Exp:54%|Time:101ms
T180|P2|Cities:5/2|Conts:1/1|Units:42(I35,A0,F0,B0,T5,D0,S1,C1,BB0,CV0)/15(I7,A0,F0,B0,T2,D2,S2,C2,BB0,CV0)|Exp:54%|Time:157ms
T181|P1|Cities:5/2|Conts:1/1|Units:43(I36,A0,F0,B0,T5,D0,S1,C1,BB0,CV0)/15(I7,A0,F0,B0,T2,D2,S2,C2,BB0,CV0)|Exp:54%|Time:114ms
T182|P2|Cities:5/2|Conts:1/1|Units:43(I36,A0,F0,B0,T5,D0,S1,C1,BB0,CV0)/15(I7,A0,F0,B0,T2,D2,S2,C2,BB0,CV0)|Exp:55%|Time:177ms
T183|P1|Cities:5/2|Conts:1/1|Units:43(I36,A0,F0,B0,T5,D0,S1,C1,BB0,CV0)/15(I7,A0,F0,B0,T2,D2,S2,C2,BB0,CV0)|Exp:55%|Time:149ms
T184|P2|Cities:5/2|Conts:1/1|Units:43(I37,A0,F0,B0,T5,D0,S0,C1,BB0,CV0)/15(I7,A0,F0,B0,T2,D2,S2,C2,BB0,CV0)|Exp:56%|Time:189ms
T185|P1|Cities:5/2|Conts:1/1|Units:43(I37,A0,F0,B0,T5,D0,S0,C1,BB0,CV0)/15(I7,A0,F0,B0,T2,D2,S2,C2,BB0,CV0)|Exp:56%|Time:162ms
T186|P2|Cities:5/2|Conts:1/1|Units:44(I38,A0,F0,B0,T5,D0,S0,C1,BB0,CV0)/15(I7,A0,F0,B0,T2,D2,S2,C2,BB0,CV0)|Exp:58%|Time:205ms
T187|P1|Cities:5/2|Conts:1/1|Units:44(I38,A0,F0,B0,T5,D0,S0,C1,BB0,CV0)/15(I7,A0,F0,B0,T2,D2,S2,C2,BB0,CV0)|Exp:58%|Time:159ms
T188|P2|Cities:5/2|Conts:1/1|Units:44(I38,A0,F0,B0,T5,D0,S0,C1,BB0,CV0)/15(I7,A0,F0,B0,T2,D2,S2,C2,BB0,CV0)|Exp:60%|Time:202ms
T189|P1|Cities:5/2|Conts:1/1|Units:45(I39,A0,F0,B0,T5,D0,S0,C1,BB0,CV0)/15(I7,A0,F0,B0,T2,D2,S2,C2,BB0,CV0)|Exp:60%|Time:197ms
T190|P2|Cities:5/2|Conts:1/1|Units:46(I39,A0,F0,B0,T6,D0,S0,C1,BB0,CV0)/15(I7,A0,F0,B0,T2,D2,S2,C2,BB0,CV0)|Exp:61%|Time:194ms
T191|P1|Cities:5/2|Conts:1/1|Units:47(I40,A0,F0,B0,T6,D0,S0,C1,BB0,CV0)/15(I7,A0,F0,B0,T2,D2,S2,C2,BB0,CV0)|Exp:61%|Time:138ms
T192|P2|Cities:5/2|Conts:1/1|Units:48(I40,A0,F0,B0,T6,D1,S0,C1,BB0,CV0)/15(I7,A0,F0,B0,T2,D2,S2,C2,BB0,CV0)|Exp:62%|Time:203ms
T193|P1|Cities:5/2|Conts:1/1|Units:48(I40,A0,F0,B0,T6,D1,S0,C1,BB0,CV0)/15(I7,A0,F0,B0,T2,D2,S2,C2,BB0,CV0)|Exp:63%|Time:177ms
T194|P2|Cities:5/2|Conts:1/1|Units:49(I41,A0,F0,B0,T6,D1,S0,C1,BB0,CV0)/15(I7,A0,F0,B0,T2,D2,S2,C2,BB0,CV0)|Exp:63%|Time:235ms
T195|P1|Cities:5/2|Conts:1/1|Units:43(I35,A0,F0,B0,T6,D1,S0,C1,BB0,CV0)/15(I7,A0,F0,B0,T2,D2,S2,C2,BB0,CV0)|Exp:63%|Time:107ms
T196|P2|Cities:5/2|Conts:1/1|Units:44(I36,A0,F0,B0,T6,D1,S0,C1,BB0,CV0)/15(I7,A0,F0,B0,T2,D2,S2,C2,BB0,CV0)|Exp:63%|Time:152ms
T197|P1|Cities:5/2|Conts:1/1|Units:44(I36,A0,F0,B0,T6,D1,S0,C1,BB0,CV0)/15(I7,A0,F0,B0,T2,D2,S2,C2,BB0,CV0)|Exp:63%|Time:75ms
T198|P2|Cities:5/2|Conts:1/1|Units:44(I36,A0,F0,B0,T6,D1,S0,C1,BB0,CV0)/16(I7,A0,F0,B0,T2,D2,S2,C2,BB0,CV1)|Exp:64%|Time:153ms
T199|P1|Cities:5/2|Conts:1/1|Units:45(I37,A0,F0,B0,T6,D1,S0,C1,BB0,CV0)/16(I7,A0,F0,B0,T2,D2,S2,C2,BB0,CV1)|Exp:65%|Time:93ms
T200|P2|Cities:5/2|Conts:1/1|Units:45(I37,A0,F0,B0,T6,D1,S0,C1,BB0,CV0)/16(I7,A0,F0,B0,T2,D1,S2,C2,BB0,CV2)|Exp:65%|Time:103ms

Turn limit reached (200 turns)

Game finished after 201 turns

Game Result: Stalemate (turn limit reached) after 201 turns (0.0s)

==========================================
Test complete. Check game_test.log for detailed logs.
